.
├── Documento_de_texto.txt
├── NOTAS.TXT
├── examen_linux
│   ├── backup
│   │   └── usuario.txt
│   ├── documentos
│   │   ├── notas.txt
│   │   ├── sistema.txt
│   │   └── usuario.txt
│   ├── logs
│   │   └── comandos.log
│   └── scripts
├── guardarscript.sh
├── laboratorio
│   ├── andresw.txt
│   ├── herramientas
│   ├── notas
│   │   └── linux.txt
│   └── scripts
│       ├── scripts_bucles.sh
│       └── scripts_logica.sh
├── new_doc.txt
├── newlab
│   ├── andresw.txt
│   ├── herramientas
│   ├── herramientas.txt
│   ├── notas
│   │   └── linux.txt
│   └── scripts
├── nuevo_archivo.txt
├── parametros_script.sh
├── scripts.sh
├── scripts_logica.sh
├── snap
│   └── htop
│       ├── 6429
│       ├── 6487
│       ├── common
│       └── current -> 6429
├── temp.txt
└── temp2.txt

20 directories, 22 files
Thu Sep 24 17:31:05 -05 2026

